
=================================== ERRORS ====================================
___________ ERROR collecting tests/test_time_dependent_unitarity.py ___________
ImportError while importing test module 'C:\Users\Krystian\Downloads\quantum-clock-transport\tests\test_time_dependent_unitarity.py'.
Hint: make sure your test modules/packages have valid Python names.
Traceback:
..\..\AppData\Local\Programs\Python\Python311\Lib\importlib\__init__.py:126: in import_module
    return _bootstrap._gcd_import(name[level:], package, level)
           ^^^^^^^^^^^^^^^^^^^^^^^^^^^^^^^^^^^^^^^^^^^^^^^^^^^^
tests\test_time_dependent_unitarity.py:8: in <module>
    from computations.propagator import (
E   ImportError: cannot import name 'evolve_time_dependent' from 'computations.propagator' (C:\Users\Krystian\Downloads\quantum-clock-transport\computations\propagator.py)
=========================== short test summary info ===========================
ERROR tests/test_time_dependent_unitarity.py
!!!!!!!!!!!!!!!!!!!!!!!!!! stopping after 1 failures !!!!!!!!!!!!!!!!!!!!!!!!!!
1 error in 0.42s
